main.c:81:6:EXTI9_5_IRQHandler	8	static
main.c:92:6:TIM1_UP_TIM10_IRQHandler	8	static
main.c:99:6:TIM2_IRQHandler	8	static
main.c:106:5:main	128	static
main.c:219:6:SystemClock_Config	88	static
main.c:281:13:MX_TIM1_Init	32	static
main.c:314:13:MX_TIM2_Init	32	static
main.c:346:13:MX_USART2_UART_Init	8	static
main.c:370:13:MX_GPIO_Init	48	static
main.c:432:9:FrameDestuff	40	static
main.c:563:9:FrameRead	32	static
main.c:603:6:ErrorManagement	80	static
main.c:638:6:UART_SendChar	8	static
main.c:646:6:UART_SendString	72	static
main.c:658:10:CAN_execCrc	24	static
main.c:679:6:canTrameTransfo	32	static
main.c:692:6:NVIC_Init	8	static
main.c:709:6:_Error_Handler	16	static
