main.c:81:6:EXTI9_5_IRQHandler	8	static
main.c:92:6:TIM1_UP_TIM10_IRQHandler	8	static
main.c:99:6:TIM2_IRQHandler	8	static
main.c:106:5:main	192	static
main.c:237:6:SystemClock_Config	88	static
main.c:299:13:MX_TIM1_Init	32	static
main.c:332:13:MX_TIM2_Init	32	static
main.c:364:13:MX_USART2_UART_Init	8	static
main.c:388:13:MX_GPIO_Init	48	static
main.c:450:9:FrameDestuff	40	static
main.c:581:9:FrameRead	32	static
main.c:621:6:ErrorManagement	80	static
main.c:656:6:UART_SendChar	8	static
main.c:664:6:UART_SendString	72	static
main.c:676:10:CAN_execCrc	24	static
main.c:697:6:canTrameTransfo	32	static
main.c:710:6:NVIC_Init	8	static
main.c:727:6:_Error_Handler	16	static
